// Jest Snapshot v1, https://goo.gl/fbAQLP

exports[`Emails editor should initialize the container 1`] = `
<div
  class="emailsEditor"
>
  <div
    class="emailsEditor__list"
  >
    <input
      autofocus=""
      class="emailsEditor__input"
    />
  </div>
</div>
`;
